// Jest Snapshot v1, https://goo.gl/fbAQLP

exports[`Page snapshot test 1`] = `
Object {
  "asFragment": [Function],
  "baseElement": <body>
    <div>
      <div
        class="page"
      >
        <h1
          class="page__h1"
        >
          todos
        </h1>
        <main
          class="page__form"
        >
          <form
            class="page__form__container form-container"
          >
            <div
              class="form-container__row row"
            >
              <button
                class="row__image-container"
                data-testid="dropdownButton"
                type="button"
              >
                <img
                  alt="1"
                  class="row__image row__arrow "
                  src="down-arrow.png"
                />
              </button>
              <input
                class="row__textfield"
                placeholder="What needs to be done?"
                type="text"
                value=""
              />
              <button
                class="row__image-container"
                type="submit"
              >
                <img
                  alt="Add task"
                  class="row__image row__image_right-side"
                  src="add-task.svg"
                />
              </button>
            </div>
          </form>
          <ul
            class="page__form-ul "
            data-testid="tasksList"
          />
        </main>
        <div
          class="page__filter filter "
          data-testid="filterBar"
        >
          <span
            class="filter__counter"
          >
             
            items left
          </span>
          <button
            class="filter__button "
            type="button"
          >
            All
          </button>
          <button
            class="filter__button "
            type="button"
          >
            Active
          </button>
          <button
            class="filter__button "
            type="button"
          >
            Completed
          </button>
          <button
            class="filter__button "
            type="button"
          >
            Clear completed
          </button>
        </div>
      </div>
    </div>
  </body>,
  "container": <div>
    <div
      class="page"
    >
      <h1
        class="page__h1"
      >
        todos
      </h1>
      <main
        class="page__form"
      >
        <form
          class="page__form__container form-container"
        >
          <div
            class="form-container__row row"
          >
            <button
              class="row__image-container"
              data-testid="dropdownButton"
              type="button"
            >
              <img
                alt="1"
                class="row__image row__arrow "
                src="down-arrow.png"
              />
            </button>
            <input
              class="row__textfield"
              placeholder="What needs to be done?"
              type="text"
              value=""
            />
            <button
              class="row__image-container"
              type="submit"
            >
              <img
                alt="Add task"
                class="row__image row__image_right-side"
                src="add-task.svg"
              />
            </button>
          </div>
        </form>
        <ul
          class="page__form-ul "
          data-testid="tasksList"
        />
      </main>
      <div
        class="page__filter filter "
        data-testid="filterBar"
      >
        <span
          class="filter__counter"
        >
           
          items left
        </span>
        <button
          class="filter__button "
          type="button"
        >
          All
        </button>
        <button
          class="filter__button "
          type="button"
        >
          Active
        </button>
        <button
          class="filter__button "
          type="button"
        >
          Completed
        </button>
        <button
          class="filter__button "
          type="button"
        >
          Clear completed
        </button>
      </div>
    </div>
  </div>,
  "debug": [Function],
  "findAllByAltText": [Function],
  "findAllByDisplayValue": [Function],
  "findAllByLabelText": [Function],
  "findAllByPlaceholderText": [Function],
  "findAllByRole": [Function],
  "findAllByTestId": [Function],
  "findAllByText": [Function],
  "findAllByTitle": [Function],
  "findByAltText": [Function],
  "findByDisplayValue": [Function],
  "findByLabelText": [Function],
  "findByPlaceholderText": [Function],
  "findByRole": [Function],
  "findByTestId": [Function],
  "findByText": [Function],
  "findByTitle": [Function],
  "getAllByAltText": [Function],
  "getAllByDisplayValue": [Function],
  "getAllByLabelText": [Function],
  "getAllByPlaceholderText": [Function],
  "getAllByRole": [Function],
  "getAllByTestId": [Function],
  "getAllByText": [Function],
  "getAllByTitle": [Function],
  "getByAltText": [Function],
  "getByDisplayValue": [Function],
  "getByLabelText": [Function],
  "getByPlaceholderText": [Function],
  "getByRole": [Function],
  "getByTestId": [Function],
  "getByText": [Function],
  "getByTitle": [Function],
  "queryAllByAltText": [Function],
  "queryAllByDisplayValue": [Function],
  "queryAllByLabelText": [Function],
  "queryAllByPlaceholderText": [Function],
  "queryAllByRole": [Function],
  "queryAllByTestId": [Function],
  "queryAllByText": [Function],
  "queryAllByTitle": [Function],
  "queryByAltText": [Function],
  "queryByDisplayValue": [Function],
  "queryByLabelText": [Function],
  "queryByPlaceholderText": [Function],
  "queryByRole": [Function],
  "queryByTestId": [Function],
  "queryByText": [Function],
  "queryByTitle": [Function],
  "rerender": [Function],
  "unmount": [Function],
}
`;
